[36mvite v7.1.12 [32mbuilding for production...[36m[39m
transforming...
[32mÔ£ô[39m 4010 modules transformed.
node.exe : [31mÔ£ù[39m 
Build failed in 6.22s
No C:\Users\aliss\AppData
\Roaming\npm\npx.ps1:24 
caractere:5
+     & "node$exe"  "$bas
edir/node_modules/npm/bin
/npx-cli.js" $args
+     ~~~~~~~~~~~~~~~~~~~
~~~~~~~~~~~~~~~~~~~~~~~~~
~~~~~~~~~~~~~~~~~~
    + CategoryInfo       
       : NotSpecified:   
  ([31mÔ£ù[39m Build   
  failed in 6.22s:Str    
ing) [], RemoteExcep    
tion
    + FullyQualifiedErro 
   rId : NativeCommandE  
  rror
 
[31merror during build:
[31msrc/components/forms
/FormRenovarDocumento.tsx
 (7:9): 
"useRenovarDocumento" is 
not exported by "src/hook
s/useDocumentosLegais.ts"
, imported by "src/compon
ents/forms/FormRenovarDoc
umento.tsx".[31m
file: [36mC:/Users/aliss
/Downloads/Frota KLIN/fro
ntend-frota-main/src/comp
onents/forms/FormRenovarD
ocumento.tsx:7:9[31m
[33m
5: import { toast } from 
'sonner';
6: import { api } from 
'../../services/api';
7: import { 
useRenovarDocumento } 
from '../../hooks/useDocu
mentosLegais';
            ^
8: import { Button } 
from '../ui/Button';
9: import { Input } from 
'../ui/Input';
[31m
    at getRollupError (fi
le:///C:/Users/aliss/Down
loads/Frota%20KLIN/fronte
nd-frota-main/node_module
s/rollup/dist/es/shared/p
arseAst.js:402:41)
    at error (file:///C:/
Users/aliss/Downloads/Fro
ta%20KLIN/frontend-frota-
main/node_modules/rollup/
dist/es/shared/parseAst.j
s:398:42)
    at Module.error (file
:///C:/Users/aliss/Downlo
ads/Frota%20KLIN/frontend
-frota-main/node_modules/
rollup/dist/es/shared/nod
e-entry.js:17040:16)
    at 
Module.traceVariable (fil
e:///C:/Users/aliss/Downl
oads/Frota%20KLIN/fronten
d-frota-main/node_modules
/rollup/dist/es/shared/no
de-entry.js:17452:29)
    at 
ModuleScope.findVariable 
(file:///C:/Users/aliss/D
ownloads/Frota%20KLIN/fro
ntend-frota-main/node_mod
ules/rollup/dist/es/share
d/node-entry.js:15070:39)
    at FunctionScope.find
Variable (file:///C:/User
s/aliss/Downloads/Frota%2
0KLIN/frontend-frota-main
/node_modules/rollup/dist
/es/shared/node-entry.js:
5673:38)
    at FunctionBodyScope.
findVariable (file:///C:/
Users/aliss/Downloads/Fro
ta%20KLIN/frontend-frota-
main/node_modules/rollup/
dist/es/shared/node-entry
.js:5673:38)
    at Identifier.bind (f
ile:///C:/Users/aliss/Dow
nloads/Frota%20KLIN/front
end-frota-main/node_modul
es/rollup/dist/es/shared/
node-entry.js:5447:40)
    at 
CallExpression.bind (file
:///C:/Users/aliss/Downlo
ads/Frota%20KLIN/frontend
-frota-main/node_modules/
rollup/dist/es/shared/nod
e-entry.js:2829:23)
    at 
CallExpression.bind (file
:///C:/Users/aliss/Downlo
ads/Frota%20KLIN/frontend
-frota-main/node_modules/
rollup/dist/es/shared/nod
e-entry.js:12179:15)[39m
